// Jest Snapshot v1, https://goo.gl/fbAQLP

exports[`Pruebas en el <GifGrid /> debe de mostrarse correctamente 1`] = `
<Fragment>
  <h3
    className="animate__animated animate__flash animate__delay-2s"
  >
    One Punch
  </h3>
  <p>
     loading 
  </p>
  <div
    className="card-grid"
  />
</Fragment>
`;
