// Jest Snapshot v1, https://goo.gl/fbAQLP

exports[`Prueba en <GifGridItem /> debe de mostrar el componente correctamente  1`] = `
<div
  className="card animate__animated animate__fadeIn animate__delay-2s"
>
  <img
    alt="Dragon Ball Z"
    src="https://localhost/algo.jpg"
  />
  <p>
    Dragon Ball Z
  </p>
</div>
`;
